// Jest Snapshot v1, https://goo.gl/fbAQLP

exports[`Wrapped component passes along React props 1`] = `
<ContextProvider
  value={
    Object {
      "store": Object {
        "@@observable": [Function],
        "dispatch": [Function],
        "getState": [Function],
        "replaceReducer": [Function],
        "sagaTask": Object {
          "@@redux-saga/TASK": true,
          "cancel": [Function],
          "cont": [Function],
          "context": Object {},
          "end": [Function],
          "error": [Function],
          "id": 1,
          "isAborted": [Function],
          "isCancelled": [Function],
          "isRoot": true,
          "isRunning": [Function],
          "joiners": Array [],
          "meta": Object {
            "location": undefined,
            "name": "rootSaga",
          },
          "queue": Object {
            "abort": [Function],
            "addTask": [Function],
            "cancelAll": [Function],
            "getTasks": [Function],
          },
          "result": [Function],
          "setContext": [Function],
          "toPromise": [Function],
        },
        "subscribe": [Function],
      },
      "subscription": Subscription {
        "handleChangeWrapper": [Function],
        "listeners": Object {
          "notify": [Function],
        },
        "onStateChange": [Function],
        "parentSub": undefined,
        "store": Object {
          "@@observable": [Function],
          "dispatch": [Function],
          "getState": [Function],
          "replaceReducer": [Function],
          "sagaTask": Object {
            "@@redux-saga/TASK": true,
            "cancel": [Function],
            "cont": [Function],
            "context": Object {},
            "end": [Function],
            "error": [Function],
            "id": 1,
            "isAborted": [Function],
            "isCancelled": [Function],
            "isRoot": true,
            "isRunning": [Function],
            "joiners": Array [],
            "meta": Object {
              "location": undefined,
              "name": "rootSaga",
            },
            "queue": Object {
              "abort": [Function],
              "addTask": [Function],
              "cancelAll": [Function],
              "getTasks": [Function],
            },
            "result": [Function],
            "setContext": [Function],
            "toPromise": [Function],
          },
          "subscribe": [Function],
        },
        "unsubscribe": null,
      },
    }
  }
>
  <withReduxSaga(Connect(FunctionalComponent)) />
</ContextProvider>
`;
